19:26:16 _Update_Full : 1688999
19:26:17 _Update_Full : 1689000
19:26:27 inkflow: btn Up
19:26:27 inkflow: 1 books on the card
19:26:29 _Update_Full : 1688999
19:26:31 inkflow: btn Up
19:26:33 _Update_Full : 1688999
19:26:34 inkflow: btn Down
19:26:34 inkflow: ap inkflow up at 192.168.4.1
19:26:36 _Update_Full : 1689000
19:26:38 inkflow: btn Up
19:26:39 inkflow: btn Up
19:26:40 inkflow: btn Left
19:26:41 inkflow: btn Right
19:26:42 inkflow: btn Confirm
19:26:43 inkflow: btn Back
19:26:43 inkflow: btn Confirm
19:26:44 inkflow: btn Left
19:26:44 inkflow: btn Right
19:26:45 inkflow: btn Up
19:26:45 inkflow: btn Down
19:26:45 inkflow: ap down
19:26:47 _Update_Full : 1689000
19:26:48 inkflow: btn Down
19:26:48 inkflow: ap inkflow up at 192.168.4.1
19:26:50 _Update_Full : 1689000
19:26:50 inkflow: btn Up
