21:38:47 inkflow: boot
21:38:47 inkflow: input ok
21:38:47 inkflow: display ok
21:38:47 inkflow: sd ok
21:38:47 inkflow: document loaded
21:38:47 inkflow: agents.rsvp, 98633 tokens, streamed, resume at 2591
21:38:49 _Update_Full : 1688999
21:38:50 _Update_Full : 1689000
21:39:28 inkflow: btn Confirm
21:39:29 _Update_Full : 1688999
21:39:30 _Update_Part : 500999
21:39:30 inkflow: at 2593, 2026 mV
21:39:31 _Update_Part : 500999
21:39:31 _Update_Part : 500999
21:39:32 _Update_Part : 500999
21:39:33 _Update_Part : 500999
21:39:33 _Update_Part : 500999
21:39:34 _Update_Part : 500999
21:39:34 _Update_Part : 500999
21:39:35 _Update_Part : 500999
21:39:35 inkflow: at 2610, 2027 mV
21:39:36 _Update_Part : 500999
21:39:36 _Update_Part : 500999
21:39:36 inkflow: btn Right
21:39:38 _Update_Full : 1687999
21:39:39 _Update_Part : 500999
21:39:39 _Update_Part : 500999
21:39:40 _Update_Part : 500999
21:39:40 _Update_Part : 500999
21:39:40 inkflow: at 2624, 2027 mV
21:39:41 _Update_Part : 500999
21:39:42 _Update_Part : 500999
21:39:42 _Update_Part : 500999
21:39:43 _Update_Part : 500999
21:39:43 _Update_Part : 500999
21:39:44 _Update_Part : 500999
21:39:44 _Update_Part : 500999
21:39:45 _Update_Part : 500999
21:39:45 inkflow: at 2640, 2027 mV
21:39:46 _Update_Part : 500999
21:39:46 inkflow: btn Right
21:39:47 _Update_Full : 1687999
21:39:48 _Update_Part : 500999
21:39:49 _Update_Part : 500999
21:39:49 _Update_Part : 500999
21:39:50 _Update_Part : 500999
21:39:50 _Update_Part : 500999
21:39:51 _Update_Part : 500999
21:39:51 _Update_Part : 500999
21:39:51 inkflow: at 2657, 2029 mV
21:39:52 _Update_Part : 500999
21:39:53 _Update_Part : 500999
21:39:53 _Update_Part : 500999
21:39:54 _Update_Part : 500999
21:39:54 _Update_Part : 500999
21:39:54 inkflow: at 2672, 2029 mV
21:39:55 _Update_Part : 500999
21:39:56 _Update_Part : 500999
21:39:56 _Update_Part : 500999
21:39:57 _Update_Part : 500999
21:39:57 _Update_Part : 500999
21:39:58 _Update_Part : 500999
21:39:58 inkflow: at 2689, 2027 mV
21:39:58 _Update_Part : 500999
21:39:59 _Update_Part : 500999
21:40:00 _Update_Part : 500999
21:40:00 _Update_Part : 500999
21:40:01 _Update_Part : 500999
21:40:01 _Update_Part : 500999
21:40:01 inkflow: at 2706, 2029 mV
21:40:02 _Update_Part : 500999
21:40:02 _Update_Part : 500999
21:40:03 _Update_Part : 500999
21:40:03 _Update_Part : 500999
21:40:04 _Update_Part : 500999
21:40:05 _Update_Part : 500999
21:40:05 inkflow: at 2722, 2034 mV
21:40:05 _Update_Part : 500999
21:40:06 _Update_Part : 500999
21:40:06 _Update_Part : 500999
21:40:07 _Update_Part : 500999
21:40:08 _Update_Part : 500999
21:40:08 inkflow: at 2736, 2029 mV
21:40:08 _Update_Part : 500999
21:40:09 _Update_Part : 500999
21:40:09 _Update_Part : 500999
21:40:09 inkflow: btn Confirm
21:40:11 _Update_Full : 1687999
21:40:12 inkflow: btn Confirm
21:40:14 _Update_Full : 1687999
21:40:15 _Update_Part : 500999
21:40:15 _Update_Part : 500999
21:40:16 _Update_Part : 500999
21:40:17 inkflow: at 2753, 2029 mV
21:40:17 _Update_Part : 500999
21:40:17 _Update_Part : 500999
21:40:18 _Update_Part : 500999
21:40:18 _Update_Part : 500999
21:40:19 _Update_Part : 500999
21:40:19 _Update_Part : 500999
21:40:19 inkflow: at 2768, 2034 mV
21:40:20 _Update_Part : 500999
21:40:21 _Update_Part : 500999
21:40:21 _Update_Part : 500999
21:40:22 _Update_Part : 500999
21:40:22 _Update_Part : 500999
21:40:23 _Update_Part : 500999
21:40:23 inkflow: at 2784, 2034 mV
21:40:23 _Update_Part : 500999
21:40:23 inkflow: btn Confirm
21:40:25 _Update_Full : 1687999
21:40:28 inkflow: btn Right
21:40:30 _Update_Full : 1687999
