19:30:02 inkflow: boot
19:30:02 inkflow: input ok
19:30:02 inkflow: display ok
19:30:02 inkflow: sd ok
19:30:02 inkflow: document loaded
19:30:02 inkflow: agents.rsvp, 98633 tokens, streamed, resume at 0
19:30:04 _Update_Full : 1689000
19:30:06 _Update_Full : 1689001
19:30:10 inkflow: btn Up
19:30:11 inkflow: 1 book on the card
19:30:12 _Update_Full : 1689001
19:30:23 inkflow: btn Up
19:30:25 _Update_Full : 1689000
19:30:26 inkflow: btn Right
19:30:28 _Update_Full : 1689000
19:30:29 inkflow: btn Right
19:30:30 _Update_Full : 1689000
19:30:32 inkflow: btn Confirm
19:30:34 _Update_Full : 1689000
19:30:34 _Update_Part : 501001
19:30:35 _Update_Part : 501001
19:30:35 _Update_Part : 501001
19:30:36 _Update_Part : 501001
19:30:36 _Update_Part : 501000
19:30:37 _Update_Part : 501001
19:30:38 _Update_Part : 501001
19:30:38 inkflow: at 18, 2026 mV
19:30:40 _Update_Part : 501000
19:30:40 _Update_Part : 501001
19:30:41 _Update_Part : 501001
19:30:41 _Update_Part : 501000
19:30:42 _Update_Part : 501001
19:30:42 _Update_Part : 501001
19:30:43 _Update_Part : 501001
19:30:43 inkflow: at 34, 2026 mV
19:30:43 _Update_Part : 501001
19:30:44 _Update_Part : 501001
19:30:45 _Update_Part : 501001
19:30:45 _Update_Part : 501001
19:30:46 _Update_Part : 501001
19:30:46 _Update_Part : 501001
19:30:47 _Update_Part : 501001
19:30:47 inkflow: at 49, 2027 mV
19:30:47 _Update_Part : 501001
19:30:48 _Update_Part : 501001
19:30:49 _Update_Part : 501001
19:30:49 _Update_Part : 501001
19:30:50 _Update_Part : 501001
19:30:50 _Update_Part : 501001
19:30:50 inkflow: at 64, 2026 mV
19:30:51 _Update_Part : 501001
19:30:51 _Update_Part : 501000
19:30:52 _Update_Part : 501001
19:30:53 _Update_Part : 501001
19:30:53 _Update_Part : 501001
19:30:54 _Update_Part : 501001
19:30:54 inkflow: at 82, 2027 mV
19:30:54 _Update_Part : 501001
19:30:55 _Update_Part : 501001
19:30:55 _Update_Part : 501001
19:30:56 _Update_Part : 501001
19:30:56 _Update_Part : 501001
19:30:57 _Update_Part : 501001
19:30:57 inkflow: at 96, 2026 mV
19:30:58 _Update_Part : 501001
19:30:58 _Update_Part : 501001
19:30:59 _Update_Part : 501001
19:30:59 _Update_Part : 501000
19:31:00 _Update_Part : 501001
19:31:00 _Update_Part : 501001
19:31:00 inkflow: at 113, 2027 mV
19:31:01 _Update_Part : 501001
19:31:02 _Update_Part : 501001
19:31:02 _Update_Part : 501001
19:31:03 _Update_Part : 501001
19:31:03 _Update_Part : 501001
19:31:03 inkflow: at 128, 2026 mV
19:31:04 _Update_Part : 501001
19:31:05 _Update_Part : 501000
19:31:05 _Update_Part : 501001
19:31:05 inkflow: btn Confirm
19:31:07 _Update_Full : 1689000
19:31:10 inkflow: btn Back
19:31:12 _Update_Full : 1689000
19:31:12 inkflow: btn Confirm
19:31:14 _Update_Full : 1688000
19:31:14 _Update_Part : 501001
19:31:15 _Update_Part : 501000
19:31:15 _Update_Part : 501001
19:31:16 _Update_Part : 501001
19:31:17 _Update_Part : 501000
19:31:17 _Update_Part : 501001
19:31:18 _Update_Part : 501001
19:31:18 inkflow: at 144, 2026 mV
19:31:18 _Update_Part : 501001
19:31:19 _Update_Part : 501001
19:31:19 _Update_Part : 501001
19:31:20 _Update_Part : 501001
19:31:21 _Update_Part : 501001
19:31:21 _Update_Part : 501001
19:31:22 _Update_Part : 501001
19:31:22 inkflow: at 162, 2026 mV
19:31:22 _Update_Part : 501001
19:31:23 _Update_Part : 501001
19:31:23 _Update_Part : 501001
19:31:24 _Update_Part : 501001
19:31:25 _Update_Part : 501001
19:31:25 _Update_Part : 501001
19:31:25 inkflow: at 178, 2026 mV
19:31:26 _Update_Part : 501001
19:31:26 _Update_Part : 501001
19:31:27 _Update_Part : 501001
19:31:27 _Update_Part : 501001
19:31:28 _Update_Part : 501001
19:31:28 _Update_Part : 501001
19:31:29 inkflow: at 193, 2026 mV
19:31:29 _Update_Part : 501001
19:31:30 _Update_Part : 501001
19:31:30 _Update_Part : 501001
19:31:31 _Update_Part : 501001
19:31:31 _Update_Part : 501001
19:31:32 _Update_Part : 501001
19:31:32 inkflow: at 210, 2026 mV
19:31:33 _Update_Part : 501001
19:31:33 _Update_Part : 501001
19:31:34 _Update_Part : 501001
19:31:34 _Update_Part : 501001
19:31:35 _Update_Part : 501001
19:31:35 inkflow: at 225, 2027 mV
19:31:35 _Update_Part : 501000
19:31:36 _Update_Part : 501001
19:31:37 _Update_Part : 501001
19:31:37 _Update_Part : 501001
19:31:38 _Update_Part : 501001
19:31:38 _Update_Part : 501001
19:31:38 inkflow: at 242, 2026 mV
19:31:39 _Update_Part : 501001
19:31:39 _Update_Part : 501001
19:31:40 _Update_Part : 501001
19:31:41 _Update_Part : 501001
19:31:41 _Update_Part : 501001
19:31:42 _Update_Part : 501001
19:31:42 _Update_Part : 501000
19:31:42 inkflow: at 257, 2027 mV
19:31:43 _Update_Part : 501000
19:31:43 _Update_Part : 501001
19:31:44 _Update_Part : 501001
19:31:45 _Update_Part : 501000
19:31:45 _Update_Part : 501001
19:31:46 _Update_Part : 501001
19:31:46 _Update_Part : 501001
19:31:46 inkflow: at 272, 2027 mV
19:31:47 _Update_Part : 501001
19:31:47 _Update_Part : 501001
19:31:48 _Update_Part : 501000
19:31:48 _Update_Part : 501001
19:31:50 _Update_Full : 1688000
19:31:51 _Update_Part : 501001
19:31:52 _Update_Part : 501001
19:31:52 inkflow: at 290, 2026 mV
19:31:52 _Update_Part : 501001
19:31:53 _Update_Part : 501001
19:31:53 _Update_Part : 501001
19:31:54 _Update_Part : 501001
19:31:54 _Update_Part : 501001
19:31:55 _Update_Part : 501001
19:31:55 inkflow: at 305, 2026 mV
19:31:56 _Update_Part : 501001
19:31:56 _Update_Part : 501001
19:31:57 _Update_Part : 501001
19:31:57 _Update_Part : 501001
19:31:58 _Update_Part : 501001
19:31:58 _Update_Part : 501001
19:31:59 _Update_Part : 501001
19:31:59 inkflow: at 321, 2027 mV
19:32:00 _Update_Part : 501001
19:32:00 _Update_Part : 501001
19:32:01 _Update_Part : 501001
19:32:01 _Update_Part : 501001
19:32:02 _Update_Part : 501001
19:32:02 _Update_Part : 501001
19:32:03 _Update_Part : 501001
19:32:04 _Update_Part : 501001
19:32:04 inkflow: at 338, 2026 mV
19:32:04 _Update_Part : 501001
19:32:05 _Update_Part : 501001
19:32:05 _Update_Part : 501001
19:32:06 _Update_Part : 501001
19:32:06 _Update_Part : 501001
19:32:07 _Update_Part : 501001
19:32:07 inkflow: at 353, 2026 mV
19:32:08 _Update_Part : 501000
19:32:08 _Update_Part : 501000
19:32:09 _Update_Part : 501001
19:32:09 _Update_Part : 501000
19:32:10 _Update_Part : 501001
19:32:10 _Update_Part : 501001
19:32:11 _Update_Part : 501001
19:32:11 inkflow: at 368, 2026 mV
19:32:12 _Update_Part : 501001
19:32:12 _Update_Part : 501001
19:32:13 _Update_Part : 501001
19:32:13 _Update_Part : 501000
19:32:14 _Update_Part : 501001
19:32:15 _Update_Part : 501001
19:32:15 _Update_Part : 501001
19:32:16 _Update_Part : 501001
19:32:16 inkflow: at 386, 2026 mV
19:32:16 _Update_Part : 501001
19:32:17 _Update_Part : 501001
19:32:18 _Update_Part : 501001
19:32:18 _Update_Part : 501001
19:32:19 _Update_Part : 501001
19:32:19 _Update_Part : 501001
19:32:19 inkflow: at 400, 2026 mV
19:32:20 _Update_Part : 501001
19:32:20 _Update_Part : 501001
19:32:21 _Update_Part : 501001
19:32:22 _Update_Part : 501001
19:32:22 _Update_Part : 501001
19:32:23 _Update_Part : 501001
19:32:23 _Update_Part : 501001
19:32:23 inkflow: at 418, 2026 mV
19:32:24 _Update_Part : 501001
19:32:24 _Update_Part : 501000
19:32:25 _Update_Part : 501001
19:32:26 _Update_Part : 501001
19:32:26 _Update_Part : 501001
19:32:27 _Update_Part : 501000
19:32:27 _Update_Part : 501001
19:32:28 _Update_Part : 501001
19:32:30 _Update_Full : 1688000
19:32:30 inkflow: at 432, 2026 mV
19:32:30 _Update_Part : 501000
19:32:31 _Update_Part : 501001
19:32:32 _Update_Part : 501000
19:32:32 _Update_Part : 501001
19:32:33 _Update_Part : 501001
19:32:33 _Update_Part : 501001
19:32:34 _Update_Part : 501000
19:32:34 _Update_Part : 501000
19:32:35 _Update_Part : 501001
19:32:35 inkflow: at 449, 2026 mV
19:32:36 _Update_Part : 501001
19:32:36 _Update_Part : 501001
19:32:37 _Update_Part : 501001
19:32:37 _Update_Part : 501000
19:32:38 _Update_Part : 501001
19:32:38 _Update_Part : 501001
19:32:39 _Update_Part : 501001
19:32:40 _Update_Part : 501000
19:32:40 inkflow: at 465, 2026 mV
19:32:40 _Update_Part : 501000
19:32:41 _Update_Part : 501001
19:32:41 _Update_Part : 501001
19:32:42 _Update_Part : 501000
19:32:42 _Update_Part : 501001
19:32:43 _Update_Part : 501001
19:32:44 _Update_Part : 501001
19:32:44 _Update_Part : 501000
19:32:45 _Update_Part : 501001
19:32:45 _Update_Part : 501001
19:32:45 inkflow: at 482, 2025 mV
19:32:46 _Update_Part : 501001
19:32:47 _Update_Part : 501001
19:32:47 _Update_Part : 501001
19:32:48 _Update_Part : 501001
19:32:48 _Update_Part : 501001
19:32:49 _Update_Part : 501001
19:32:50 _Update_Part : 501001
19:32:50 inkflow: at 496, 2026 mV
19:32:50 _Update_Part : 501001
19:32:51 _Update_Part : 501001
19:32:51 _Update_Part : 501001
19:32:52 _Update_Part : 501001
19:32:53 _Update_Part : 501001
19:32:53 _Update_Part : 501001
19:32:53 inkflow: at 513, 2026 mV
19:32:54 _Update_Part : 501000
19:32:54 _Update_Part : 501001
19:32:55 _Update_Part : 501001
19:32:55 _Update_Part : 501001
19:32:56 _Update_Part : 501001
19:32:57 _Update_Part : 501000
19:32:57 inkflow: at 529, 2026 mV
19:32:57 _Update_Part : 501000
19:32:58 _Update_Part : 501001
19:32:58 _Update_Part : 501001
19:32:59 _Update_Part : 501000
19:32:59 _Update_Part : 501001
19:33:00 _Update_Part : 501001
19:33:00 inkflow: at 544, 2025 mV
19:33:00 _Update_Part : 501001
19:33:01 _Update_Part : 501001
19:33:02 _Update_Part : 501001
19:33:02 _Update_Part : 501001
19:33:03 _Update_Part : 501001
19:33:03 _Update_Part : 501001
19:33:04 _Update_Part : 501001
19:33:04 inkflow: at 562, 2025 mV
19:33:04 _Update_Part : 501001
19:33:05 _Update_Part : 501001
19:33:06 _Update_Part : 501001
19:33:06 _Update_Part : 501001
19:33:07 _Update_Part : 501001
19:33:07 inkflow: at 576, 2026 mV
19:33:07 _Update_Part : 501001
19:33:08 _Update_Part : 501001
19:33:08 _Update_Part : 501001
19:33:09 _Update_Part : 501001
19:33:10 _Update_Part : 501001
19:33:10 _Update_Part : 501001
19:33:11 _Update_Part : 501001
19:33:11 inkflow: at 593, 2025 mV
19:33:11 _Update_Part : 501001
19:33:12 _Update_Part : 501001
19:33:12 _Update_Part : 501001
19:33:13 _Update_Part : 501001
19:33:14 _Update_Part : 501001
19:33:14 _Update_Part : 501001
19:33:14 inkflow: at 608, 2025 mV
19:33:15 _Update_Part : 501001
19:33:15 _Update_Part : 501000
19:33:16 _Update_Part : 501001
19:33:16 _Update_Part : 501001
19:33:17 _Update_Part : 501001
19:33:18 _Update_Part : 501000
19:33:18 inkflow: at 625, 2026 mV
19:33:18 _Update_Part : 501000
19:33:19 _Update_Part : 501001
19:33:19 _Update_Part : 501001
19:33:20 _Update_Part : 501000
19:33:20 _Update_Part : 501001
19:33:21 _Update_Part : 501000
19:33:21 inkflow: at 640, 2026 mV
19:33:22 _Update_Part : 501000
19:33:22 _Update_Part : 501001
19:33:23 _Update_Part : 501000
19:33:25 _Update_Full : 1688001
19:33:25 _Update_Part : 501000
19:33:26 _Update_Part : 501001
19:33:26 _Update_Part : 501001
19:33:27 _Update_Part : 501001
19:33:27 _Update_Part : 501001
19:33:27 inkflow: at 657, 2025 mV
19:33:28 _Update_Part : 501001
19:33:29 _Update_Part : 501001
19:33:29 _Update_Part : 501001
19:33:30 _Update_Part : 501001
19:33:30 _Update_Part : 501001
19:33:30 inkflow: at 672, 2026 mV
19:33:31 _Update_Part : 501001
19:33:31 _Update_Part : 501001
19:33:32 _Update_Part : 501001
19:33:33 _Update_Part : 501001
19:33:33 _Update_Part : 501001
19:33:34 _Update_Part : 501001
19:33:34 inkflow: at 690, 2026 mV
19:33:34 _Update_Part : 501001
19:33:35 _Update_Part : 501001
19:33:35 _Update_Part : 501001
19:33:36 _Update_Part : 501000
19:33:37 _Update_Part : 501001
19:33:37 inkflow: at 705, 2026 mV
19:33:37 _Update_Part : 501001
19:33:38 _Update_Part : 501001
19:33:38 _Update_Part : 501001
19:33:39 _Update_Part : 501001
19:33:39 _Update_Part : 501001
19:33:40 _Update_Part : 501001
19:33:40 inkflow: at 721, 2025 mV
19:33:41 _Update_Part : 501001
19:33:41 _Update_Part : 501001
19:33:42 _Update_Part : 501001
19:33:42 _Update_Part : 501001
19:33:43 _Update_Part : 501001
19:33:43 _Update_Part : 501001
19:33:43 inkflow: at 737, 2026 mV
19:33:44 _Update_Part : 501001
19:33:44 _Update_Part : 501001
19:33:45 _Update_Part : 501001
19:33:46 _Update_Part : 501001
19:33:46 _Update_Part : 501001
19:33:47 _Update_Part : 501001
19:33:47 inkflow: at 753, 2026 mV
19:33:47 _Update_Part : 501001
19:33:48 _Update_Part : 501001
19:33:48 _Update_Part : 501001
19:33:49 _Update_Part : 501001
19:33:50 _Update_Part : 501001
19:33:50 _Update_Part : 501001
19:33:51 _Update_Part : 501000
19:33:51 inkflow: at 768, 2025 mV
19:33:51 _Update_Part : 501000
19:33:52 _Update_Part : 501001
19:33:52 _Update_Part : 501001
19:33:53 _Update_Part : 501000
19:33:54 _Update_Part : 501000
19:33:54 _Update_Part : 501000
19:33:54 inkflow: at 786, 2025 mV
19:33:55 _Update_Part : 501000
19:33:55 _Update_Part : 501001
19:33:56 _Update_Part : 501001
19:33:57 _Update_Part : 501001
19:33:57 _Update_Part : 501001
19:33:58 _Update_Part : 501001
19:33:58 inkflow: at 802, 2023 mV
19:33:58 _Update_Part : 501001
19:33:59 _Update_Part : 501001
19:33:59 _Update_Part : 501001
19:34:00 _Update_Part : 501001
19:34:00 _Update_Part : 501001
19:34:01 _Update_Part : 501001
19:34:01 inkflow: at 817, 2025 mV
