21:00:22 inkflow: boot
21:00:22 inkflow: input ok
21:00:22 inkflow: display ok
21:00:22 inkflow: sd ok
21:00:22 inkflow: document loaded
21:00:22 inkflow: agents.rsvp, 98633 tokens, streamed, resume at 2386
21:00:24 _Update_Full : 1689000
21:00:26 _Update_Full : 1689001
21:14:35 inkflow: btn Right
21:14:36 _Update_Full : 1690002
21:14:39 inkflow: btn Confirm
21:14:41 _Update_Full : 1690002
21:14:41 _Update_Part : 502002
21:14:41 inkflow: at 2389, 2059 mV
21:14:42 _Update_Part : 502002
21:14:42 _Update_Part : 502002
21:14:43 _Update_Part : 502002
21:14:44 _Update_Part : 502002
21:14:44 _Update_Part : 502002
21:14:45 _Update_Part : 501002
21:14:45 inkflow: at 2402, 2059 mV
21:14:45 _Update_Part : 502002
21:14:46 _Update_Part : 501002
21:14:46 _Update_Part : 501002
21:14:47 _Update_Part : 501002
21:14:48 _Update_Part : 502002
21:14:48 _Update_Part : 501002
21:14:48 inkflow: at 2416, 2059 mV
21:14:49 _Update_Part : 501000
21:14:49 _Update_Part : 501002
21:14:50 _Update_Part : 501002
21:14:51 _Update_Part : 501002
21:14:51 _Update_Part : 501002
21:14:52 _Update_Part : 501002
21:14:52 _Update_Part : 501002
21:14:53 inkflow: at 2433, 2059 mV
21:14:53 _Update_Part : 501002
21:14:54 _Update_Part : 501002
21:14:54 _Update_Part : 501002
21:14:55 _Update_Part : 501007
21:14:55 _Update_Part : 501002
21:14:56 _Update_Part : 501002
21:14:56 _Update_Part : 501002
21:14:57 inkflow: at 2449, 2059 mV
21:14:57 _Update_Part : 501002
21:14:58 _Update_Part : 501000
21:14:58 _Update_Part : 501002
21:14:59 _Update_Part : 501002
21:14:59 _Update_Part : 501002
21:15:00 _Update_Part : 501002
21:15:00 _Update_Part : 501002
21:15:00 inkflow: at 2466, 2059 mV
21:15:01 _Update_Part : 501000
21:15:02 _Update_Part : 501002
21:15:02 _Update_Part : 501002
21:15:03 _Update_Part : 501002
21:15:03 _Update_Part : 501002
21:15:04 _Update_Part : 501002
21:15:04 _Update_Part : 501002
21:15:05 _Update_Part : 501002
21:15:05 inkflow: at 2482, 2059 mV
21:15:06 _Update_Part : 501002
21:15:06 _Update_Part : 501002
21:15:07 _Update_Part : 501002
21:15:07 _Update_Part : 501002
21:15:08 _Update_Part : 501002
21:15:08 _Update_Part : 501002
21:15:09 inkflow: at 2497, 2059 mV
21:15:09 _Update_Part : 501000
21:15:10 _Update_Part : 501002
21:15:10 _Update_Part : 501002
21:15:11 _Update_Part : 501002
21:15:11 _Update_Part : 501002
21:15:12 _Update_Part : 501002
21:15:12 inkflow: at 2512, 2059 mV
21:15:13 _Update_Part : 501000
21:15:13 _Update_Part : 501002
21:15:14 _Update_Part : 501002
21:15:14 _Update_Part : 501002
21:15:15 _Update_Part : 501002
21:15:15 _Update_Part : 501002
21:15:16 _Update_Part : 501002
21:15:16 inkflow: at 2529, 2059 mV
21:15:17 _Update_Part : 501000
21:15:17 _Update_Part : 501002
21:15:18 _Update_Part : 501002
21:15:18 _Update_Part : 501002
21:15:19 _Update_Part : 501002
21:15:19 _Update_Part : 501002
21:15:20 _Update_Part : 501002
21:15:20 inkflow: at 2546, 2059 mV
21:15:21 _Update_Part : 501002
21:15:21 _Update_Part : 501002
21:15:22 _Update_Part : 501002
21:15:22 inkflow: btn Right
21:15:24 _Update_Full : 1689002
21:15:24 _Update_Part : 501002
21:15:25 _Update_Part : 501002
21:15:25 _Update_Part : 501002
21:15:25 inkflow: btn Right
21:15:27 _Update_Full : 1688002
21:15:28 _Update_Part : 501000
21:15:28 inkflow: at 2560, 2059 mV
21:15:29 _Update_Part : 501000
21:15:29 _Update_Part : 501002
21:15:30 _Update_Part : 501002
21:15:30 _Update_Part : 501002
21:15:31 _Update_Part : 501002
21:15:31 _Update_Part : 501002
21:15:32 _Update_Part : 501002
21:15:33 inkflow: at 2577, 2059 mV
21:15:33 _Update_Part : 501002
21:15:33 _Update_Part : 501002
21:15:34 _Update_Part : 501002
21:15:34 _Update_Part : 501002
21:15:35 _Update_Part : 501002
21:15:36 _Update_Part : 501002
21:15:36 _Update_Part : 501002
21:15:36 inkflow: btn Up
21:15:36 inkflow: 1 book on the card
21:15:38 _Update_Full : 1689002
