19:16:15 _Update_Full : 1690001
19:16:16 _Update_Full : 1689000
19:18:43 inkflow: btn Power
19:18:49 inkflow: btn Up
19:18:51 _Update_Full : 1690000
19:18:55 inkflow: btn Down
19:18:56 _Update_Full : 1689999
19:18:58 inkflow: btn Right
19:18:58 inkflow: ap inkflow up at 192.168.4.1
19:19:00 _Update_Full : 1690000
19:19:01 inkflow: btn Confirm
19:19:02 inkflow: btn Back
19:22:11 inkflow: btn Back
19:22:51 inkflow: btn Confirm
19:22:52 inkflow: btn Confirm
19:22:54 inkflow: btn Back
19:22:55 inkflow: btn Back
19:23:18 inkflow: btn Right
19:23:18 inkflow: ap down
19:23:20 _Update_Full : 1689000
19:23:20 inkflow: btn Left
19:23:22 _Update_Full : 1689000
19:24:06 inkflow: btn Right
19:24:06 inkflow: ap inkflow up at 192.168.4.1
19:24:08 _Update_Full : 1689000
19:24:14 inkflow: btn Confirm
